
> happytool@1.1.1 test
> vitest run --no-color


 RUN  v4.0.18 K:/Antigravity_Projects/gitbase/happytool_electron

stdout | test/performance/json-tools.perf.test.ts > Performance Benchmarks - JSON Tools > should parse 1MB JSON within threshold
  ?뱤 Parse 1.00MB JSON: 5.00ms

stdout | test/performance/json-tools.perf.test.ts > Performance Benchmarks - JSON Tools > should stringify 1MB JSON within threshold
  ?뱤 Stringify 1.00MB JSON: 3.87ms

stdout | test/performance/log-extractor.perf.test.ts > Performance Benchmarks - Log Extractor > should parse 10,000 log lines efficiently
  ?뱤 Parse 10K lines: 0.39ms

stdout | test/performance/post-tool.perf.test.ts > Performance Benchmarks - Post Tool > should handle 1MB API response efficiently
  ?뱤 1MB Response - Size: 1.00MB, Parse: 2.59ms

stdout | test/performance/post-tool.perf.test.ts > Performance Benchmarks - Post Tool > should format JSON response efficiently
  ?뱤 Format response: 1.25ms

stdout | test/performance/post-tool.perf.test.ts > Performance Benchmarks - Post Tool > should handle large array response efficiently
  ?뱤 Large Array (10K items, 1.12MB): Parse 8.80ms

stdout | test/performance/post-tool.perf.test.ts > Performance Benchmarks - Post Tool > should extract response headers efficiently
  ?뱤 Process 8 headers: 0.00ms

stdout | test/performance/post-tool.perf.test.ts > Performance Benchmarks - Post Tool > should handle 10MB response (stress test)
  ?뱤 10MB Response (Stress) - Size: 10.01MB, Parse: 44.60ms

stdout | test/performance/post-tool.perf.test.ts > Performance Benchmarks - Response Viewer > should search through large response efficiently
  ?뱤 Search in 1MB response: 0.41ms, Found: 3213

stdout | test/performance/post-tool.perf.test.ts > Performance Benchmarks - Response Viewer > should navigate through search results efficiently
  ?뱤 Index search results: 0.50ms, Matches: 179

stdout | test/performance/post-tool.perf.test.ts > Performance Benchmarks - Response Viewer > should switch between view modes efficiently
  ?뱤 Switch view modes: 2.34ms

stdout | test/performance/log-extractor.perf.test.ts > Performance Benchmarks - Log Extractor > should parse 100,000 log lines efficiently
  ?뱤 Parse 100K lines: 3.19ms

stdout | test/performance/log-archive.perf.test.ts > Performance Benchmarks - Log Archive > should insert 1,000 items within performance threshold
  ?뱤 Insert 1K: 127.52ms, Memory: +0.00MB

stdout | test/performance/log-archive.perf.test.ts > Performance Benchmarks - Log Archive > should retrieve all tags efficiently
  ?뱤 Get Tags: 5.45ms, Found: 3

stdout | test/performance/log-archive.perf.test.ts > Performance Benchmarks - Log Archive > should retrieve all folders efficiently
  ?뱤 Get Folders: 2.26ms, Found: 2

stdout | test/performance/log-extractor.perf.test.ts > Performance Benchmarks - Log Extractor > should filter 10,000 log lines by keyword efficiently
  ?뱤 Filter 10K lines: 1.45ms, Found: 2000

stdout | test/performance/log-archive.perf.test.ts > Performance Benchmarks - Log Archive > should search and return 50 results efficiently
  ?뱤 Search (50): 12.23ms, Found: 50

stdout | test/performance/log-extractor.perf.test.ts > Performance Benchmarks - Log Extractor > should filter with RegEx efficiently
  ?뱤 RegEx Filter 10K lines: 6.00ms, Found: 4000

stdout | test/performance/log-archive.perf.test.ts > Performance Benchmarks - Log Archive > should perform tag statistics without memory bloat
  ?뱤 Tag Stats: 8.22ms, Memory: +0.00MB

stdout | test/performance/log-archive.perf.test.ts > Performance Benchmarks - Log Archive > should perform folder statistics without memory bloat
  ?뱤 Folder Stats: 17.05ms, Memory: +0.00MB

stdout | test/performance/log-extractor.perf.test.ts > Performance Benchmarks - Log Extractor > should handle highlight pattern matching efficiently
  ?뱤 Highlight 1K lines: 10.16ms, Found: 200

stdout | test/performance/log-archive.perf.test.ts > Performance Benchmarks - Log Archive > should handle regex search efficiently
  ?뱤 Regex Search: 1.55ms, Found: 50

stdout | test/performance/log-archive.perf.test.ts > Performance Benchmarks - Log Archive > should handle tag filter search efficiently
  ?뱤 Tag Filter: 4.08ms, Found: 50

stdout | test/performance/log-archive.perf.test.ts > Performance Benchmarks - Large Scale Log Archive > should handle 10,000 items search efficiently
  ?벀 Inserting 10,000 items for large-scale test...

stdout | test/performance/post-tool.perf.test.ts > Performance Benchmarks - Memory Management > should not leak memory when handling multiple requests
  ?뱤 Memory after 10 requests: +0.00MB

stdout | test/performance/log-filtering.perf.test.ts > Logging Performance Benchmarks > should filter 10k lines within 15ms (Simple)
Filter 10k (Simple): 4.84ms

 ??test/performance/post-tool.perf.test.ts (9 tests) 380ms
stdout | test/performance/log-filtering.perf.test.ts > Logging Performance Benchmarks > should filter 100k lines within 200ms (Complex)
Filter 100k (Complex): 61.96ms

stdout | test/performance/log-extractor.perf.test.ts > Performance Benchmarks - Log Extractor > should chunk large log file efficiently (2GB simulation)
  ?뱤 Process 10 chunks (100000 lines): 189.79ms

stdout | test/performance/log-extractor.perf.test.ts > Performance Benchmarks - Log Extractor > should handle rapid log streaming (100 logs/sec)
  ?뱤 Handle 100 rapid logs: 0.15ms

stdout | test/performance/spam-analyzer.perf.test.ts > Spam Analyzer Core Performance > should extract metadata from 100k lines within 100ms
Extract Metadata 100k: 39.63ms

stdout | test/performance/json-tools.perf.test.ts > Performance Benchmarks - JSON Tools > should handle deeply nested JSON efficiently
  ?뱤 Deep Nested (8 levels): Stringify 118.59ms, Parse 253.93ms

stdout | test/performance/json-tools.perf.test.ts > Performance Benchmarks - JSON Tools > should handle large array JSON efficiently
  ?뱤 Large Array (10K items, 0.70MB): Parse 4.52ms

stdout | test/performance/log-extractor.perf.test.ts > Performance Benchmarks - Log Processing > should parse timestamp from logs efficiently
  ?뱤 Extract timestamps from 10K lines: 7.96ms

stdout | test/performance/log-extractor.perf.test.ts > Performance Benchmarks - Log Processing > should parse log level efficiently
  ?뱤 Extract log levels from 10K lines: 10.56ms

stdout | test/performance/log-extractor.perf.test.ts > Performance Benchmarks - Log Processing > should handle line selection operations efficiently
  ?뱤 Line selection operations: 0.45ms, Selected: 1000

stdout | test/performance/log-extractor.perf.test.ts > Performance Benchmarks - Memory Efficiency > should not leak memory when processing large logs
  ?뱤 Memory increase after 5 batches: 0.00MB

 ??test/performance/log-extractor.perf.test.ts (11 tests) 720ms
 ??test/utils/logFiltering.test.ts (26 tests) 525ms
       ??[Large-Scale] 50留??쇱씤 以?Sparse 留ㅼ묶 ?뺥솗???좎? (0.2% 留ㅼ묶瑜?  405ms
stdout | test/performance/json-tools.perf.test.ts > Performance Benchmarks - JSON Tools > should parse 10MB JSON within threshold (stress test)
  ?뱤 Parse 10.02MB JSON (Stress): 58.56ms

stdout | test/performance/json-tools.perf.test.ts > Performance Benchmarks - JSON Diff > should calculate diff for large objects efficiently
  ?뱤 Diff Large Objects: 5.44ms

 ??test/performance/json-tools.perf.test.ts (6 tests) 874ms
     ??should handle deeply nested JSON efficiently  557ms
 ??test/components/EditableTag.test.tsx (8 tests) 504ms
stdout | test/performance/log-filtering.perf.test.ts > Logging Performance Benchmarks > should filter 1,000,000 lines within 1 second (Stress Test)
Stress Test 1M (Complex): 933.30ms

 ??test/components/PerfDashboard.test.tsx (5 tests) 210ms
stdout | test/performance/spam-analyzer.perf.test.ts > Spam Analyzer Core Performance > should group 1M lines within 1000ms (Stress Test)
Spam Analysis 1M Lines: 904.25ms
 - Patterns Found: 4

 ??test/components/PerfTool.test.tsx (4 tests) 210ms
stdout | test/performance/log-filtering.perf.test.ts > Logging Performance Benchmarks > should show caching efficiency for Case-Insensitive vs Case-Sensitive
100k Case-Sensitive: 59.02ms
100k Case-Insensitive (with Cache): 45.64ms

stdout | test/performance/log-filtering.perf.test.ts > Logging Performance Benchmarks > should handle Bypass Logic efficiently with large data
Filter 100k (Bypass Enabled): 20.88ms

stdout | test/performance/spam-analyzer.perf.test.ts > Spam Analyzer Core Performance > should maintain performance with high-cardinality keys (Unique Keys)
High-Cardinality Map Insert (100k): 177.31ms

 ??test/performance/spam-analyzer.perf.test.ts (3 tests) 1145ms
     ??should group 1M lines within 1000ms (Stress Test)  905ms
stdout | test/performance/log-archive.perf.test.ts > Performance Benchmarks - Large Scale Log Archive > should handle 10,000 items search efficiently
  ??Inserted 10K in 1436.59ms

stdout | test/performance/log-archive.perf.test.ts > Performance Benchmarks - Large Scale Log Archive > should handle 10,000 items search efficiently
  ?뱤 Search 10K dataset: 1.83ms

stdout | test/performance/log-archive.perf.test.ts > Performance Benchmarks - Large Scale Log Archive > should handle statistics on 10,000 items efficiently
  ?뱤 Stats on 10K: 72.96ms, Memory: +0.00MB

 ??test/performance/log-archive.perf.test.ts (10 tests) 1720ms
     ??should handle 10,000 items search efficiently  1443ms
stdout | test/performance/log-filtering.perf.test.ts > Logging Performance Benchmarks > WASM Engine Stress Test: Match 1M lines with complex regex-like rules
WASM-Simulated 1M Filter: 553.65ms

 ??test/performance/log-filtering.perf.test.ts (6 tests) 1695ms
     ??should filter 1,000,000 lines within 1 second (Stress Test)  934ms
     ??WASM Engine Stress Test: Match 1M lines with complex regex-like rules  554ms
stdout | test/performance/worker-io.perf.test.ts > Worker I/O & Zero-copy Efficiency > should demonstrate Zero-copy (subarray) superiority over Buffer.slice
Memory Copy (slice) 100k: 68.44ms
Zero-copy (subarray) 100k: 5.98ms
 - Improvement: 11.4x faster

stdout | test/performance/worker-io.perf.test.ts > Worker I/O & Zero-copy Efficiency > should verify Smart Batching logic overhead (Simulated)
Smart Batching Logic Overhead (Simulation): 0.0015ms
 - Total Reads optimized to: 17 chunks

 ??test/log-archive.test.ts (41 tests) 261ms
stdout | test/performance/worker-io.perf.test.ts > Worker I/O & Zero-copy Efficiency > should decode 10MB chunk efficiently using UTF-8 decoder
Decode 10MB Chunk: 10.65ms

 ??test/performance/worker-io.perf.test.ts (3 tests) 103ms
 ??components/PostTool.test.tsx (4 tests) 129ms
stdout | test/hooks/LogFilteringFlow.test.tsx > Log Filtering Flow Integration Test > [UT 1] should follow the sequence: loadFile -> STREAM_DONE -> FILTER_LOGS
[useLog-Left] Auto-Apply FILTER_LOGS (Active Check). hash: {"inc":[["error"]],"exc":[],"happyCase":false,"blockCase":false,"quickFilter":"none"}

stdout | test/hooks/LogFilteringFlow.test.tsx > Log Filtering Flow Integration Test > [UT 2] should NOT filter before STREAM_DONE even if rules change
[useLog-Left] Auto-Apply FILTER_LOGS (Active Check). hash: {"inc":[["fatal"]],"exc":[],"happyCase":false,"blockCase":false,"quickFilter":"none"}

stdout | test/hooks/LogFilteringFlow.test.tsx > Log Filtering Flow Integration Test > [UT 3] should show all lines when no filter is applied
[useLog-Left] Auto-Apply FILTER_LOGS (Active Check). hash: {"inc":[],"exc":[],"happyCase":false,"blockCase":false,"quickFilter":"none"}

stdout | test/hooks/LogFilteringFlow.test.tsx > Log Filtering Flow Integration Test > [UT 4] should re-filter when Quick Filter changes
[useLog-Left] Auto-Apply FILTER_LOGS (Active Check). hash: {"inc":[["error"]],"exc":[],"happyCase":false,"blockCase":false,"quickFilter":"none"}

stdout | test/hooks/LogFilteringFlow.test.tsx > Log Filtering Flow Integration Test > [UT 4] should re-filter when Quick Filter changes
[useLog-Left] Auto-Apply FILTER_LOGS (Active Check). hash: {"inc":[["error"]],"exc":[],"happyCase":false,"blockCase":false,"quickFilter":"error"}

 ??test/hooks/LogFilteringFlow.test.tsx (4 tests) 108ms
 ??test/hooks/useLogExtractorLogic.test.tsx (9 tests | 2 skipped) 44ms
 ??test/components/LogViewer/hooks/useLogViewerScroll.test.tsx (5 tests) 30ms
 ??test/components/LogViewer/hooks/useLogViewerKeyboard.test.tsx (7 tests) 29ms
stdout | test/connector_integration.test.js
[dotenv@17.3.1] injecting env (0) from .env -- tip: ?썳截?auth for agents: https://vestauth.com

stdout | test/connector_integration.test.js > Live Logging Ecosystem Integration > SDB Pipeline (Verification -> $TAGS -> Stream -> Interactive) > SDB Full Scenario: Manual Connect with substituted TAGS and interactive stop
SERVER_STARTUP: BLOCK_TEST_DIR = K:\Antigravity_Projects\gitbase\happytool_electron\BlockTest

stdout | test/connector_integration.test.js > Live Logging Ecosystem Integration > SDB Pipeline (Verification -> $TAGS -> Stream -> Interactive) > SDB Full Scenario: Manual Connect with substituted TAGS and interactive stop
[SDB] ========== SDB Connection Request ==========
[SDB] Connection initiated with params: {
  deviceId: [32m'TV_001'[39m,
  debug: [90mundefined[39m,
  saveToFile: [90mundefined[39m,
  command: [32m'dlogutil $(TAGS) kerneltime'[39m,
  tags: [ [32m'TAG_X'[39m, [32m'TAG_Y'[39m ]
}
[SDB] Substituted $(TAGS) -> "TAG_X TAG_Y"
[SDB] Effective command: dlogutil TAG_X TAG_Y kerneltime
[SDB] Using shell for interaction
[SDB] Final sdb args: [ [32m'-s'[39m, [32m'TV_001'[39m, [32m'shell'[39m ]
[SDB] Verifying device connection before streaming...
[SDB] Verifying device with: sdb -s TV_001 shell echo READY
[SDB] ??Device verified, starting log stream...
[SDB] ??Process spawned successfully, PID: [33m999[39m

stdout | test/connector_integration.test.js > Live Logging Ecosystem Integration > SDB Pipeline (Verification -> $TAGS -> Stream -> Interactive) > SDB Full Scenario: Manual Connect with substituted TAGS and interactive stop
[SDB] Writing custom command: dlogutil TAG_X TAG_Y kerneltime

stdout | test/connector_integration.test.js > Live Logging Ecosystem Integration > SDB Pipeline (Verification -> $TAGS -> Stream -> Interactive) > SDB Full Scenario: Manual Connect with substituted TAGS and interactive stop
[SDB] Writing to process: pkill dlogutil

stdout | test/connector_integration.test.js > Live Logging Ecosystem Integration > SDB Pipeline (Verification -> $TAGS -> Stream -> Interactive) > SDB Quick Connect: Uses pre-substituted tags correctly
SERVER_STARTUP: BLOCK_TEST_DIR = K:\Antigravity_Projects\gitbase\happytool_electron\BlockTest

stdout | test/connector_integration.test.js > Live Logging Ecosystem Integration > SDB Pipeline (Verification -> $TAGS -> Stream -> Interactive) > SDB Quick Connect: Uses pre-substituted tags correctly
[SDB] ========== SDB Connection Request ==========
[SDB] Connection initiated with params: {
  deviceId: [32m'AUTO'[39m,
  debug: [90mundefined[39m,
  saveToFile: [90mundefined[39m,
  command: [32m'dlogutil $(TAGS)'[39m,
  tags: [ [32m'QUICK_TAG'[39m ]
}
[SDB] Substituted $(TAGS) -> "QUICK_TAG"
[SDB] Effective command: dlogutil QUICK_TAG
[SDB] Killing existing SDB process...
[SDB] Using shell for interaction
[SDB] Final sdb args: [ [32m'-s'[39m, [32m'AUTO'[39m, [32m'shell'[39m ]
[SDB] Verifying device connection before streaming...
[SDB] Verifying device with: sdb -s AUTO shell echo READY
[SDB] ??Device verified, starting log stream...
[SDB] ??Process spawned successfully, PID: [33m999[39m

stdout | test/connector_integration.test.js > Live Logging Ecosystem Integration > SDB Pipeline (Verification -> $TAGS -> Stream -> Interactive) > SDB Quick Connect: Uses pre-substituted tags correctly
[SDB] Writing custom command: dlogutil QUICK_TAG

stdout | test/connector_integration.test.js > Live Logging Ecosystem Integration > SDB Pipeline (Verification -> $TAGS -> Stream -> Interactive) > SDB Error: Device not found (Verification fail)
SERVER_STARTUP: BLOCK_TEST_DIR = K:\Antigravity_Projects\gitbase\happytool_electron\BlockTest

stdout | test/connector_integration.test.js > Live Logging Ecosystem Integration > SDB Pipeline (Verification -> $TAGS -> Stream -> Interactive) > SDB Error: Device not found (Verification fail)
[SDB] Using smart default command: dlogutil -v kerneltime
[SDB] ========== SDB Connection Request ==========
[SDB] Connection initiated with params: {
  deviceId: [32m'WRONG_ID'[39m,
  debug: [90mundefined[39m,
  saveToFile: [90mundefined[39m,
  command: [32m'dlogutil -v kerneltime'[39m,
  tags: []
}
[SDB] Killing existing SDB process...
[SDB] Using shell for interaction
[SDB] Final sdb args: [ [32m'-s'[39m, [32m'WRONG_ID'[39m, [32m'shell'[39m ]
[SDB] Verifying device connection before streaming...
[SDB] Verifying device with: sdb -s WRONG_ID shell echo READY

stdout | test/connector_integration.test.js > Live Logging Ecosystem Integration > SSH Pipeline (Substitution -> Command -> Stream -> Interactive) > SSH Full Scenario: Command substitution and data streaming
SERVER_STARTUP: BLOCK_TEST_DIR = K:\Antigravity_Projects\gitbase\happytool_electron\BlockTest

stdout | test/connector_integration.test.js > Live Logging Ecosystem Integration > SSH Pipeline (Substitution -> Command -> Stream -> Interactive) > SSH Full Scenario: Command substitution and data streaming
[SSH] ========== SSH Connection Request ==========
[SSH] Connection initiated with params: {
  host: [32m'1.2.3.4'[39m,
  port: [90mundefined[39m,
  username: [90mundefined[39m,
  passwordProvided: [33mfalse[39m,
  debug: [90mundefined[39m,
  saveToFile: [90mundefined[39m,
  command: [32m'dlogutil $(TAGS) kerneltime'[39m,
  tags: [ [32m'SSH_1'[39m, [32m'SSH_2'[39m ]
}
[SSH] Substituted $(TAGS) -> "SSH_1 SSH_2"
[SSH] Effective command: dlogutil SSH_1 SSH_2 kerneltime
[SSH] Creating SSH client...
[SSH] Connection attempt started...
[SSH] ??SSH connection ready, requesting shell...
[SSH] ??Shell created successfully
[SSH] Using custom command: dlogutil SSH_1 SSH_2 kerneltime
[SSH] Writing command to stream: dlogutil SSH_1 SSH_2 kerneltime
[SSH] Command sent, waiting for log data...
[SSH] ??First data received: [33m15[39m bytes
[SSH] First data preview: SSH_STREAM_DATA
[SSH] Writing to stream: pkill dlogutil

stdout | test/connector_integration.test.js > Live Logging Ecosystem Integration > SSH Pipeline (Substitution -> Command -> Stream -> Interactive) > SSH Authentication: Password request/response flow
SERVER_STARTUP: BLOCK_TEST_DIR = K:\Antigravity_Projects\gitbase\happytool_electron\BlockTest

stdout | test/connector_integration.test.js > Live Logging Ecosystem Integration > SSH Pipeline (Substitution -> Command -> Stream -> Interactive) > SSH Authentication: Password request/response flow
[SSH] Using smart default command: dlogutil -v kerneltime
[SSH] ========== SSH Connection Request ==========
[SSH] Connection initiated with params: {
  host: [32m'dev'[39m,
  port: [90mundefined[39m,
  username: [90mundefined[39m,
  passwordProvided: [33mfalse[39m,
  debug: [90mundefined[39m,
  saveToFile: [90mundefined[39m,
  command: [32m'dlogutil -v kerneltime'[39m,
  tags: []
}
[SSH] Closing existing SSH connection...
[SSH] Creating SSH client...
[SSH] Connection attempt started...
[SSH] Keyboard-Interactive Auth Requested
[SSH] Auth prompts count: [33m1[39m
[SSH] Password not provided for keyboard-interactive. Sending request to client.
[SSH] Received auth response from client

stdout | test/connector_integration.test.js > Live Logging Ecosystem Integration > SSH Pipeline (Substitution -> Command -> Stream -> Interactive) > SSH Error: Handle Connection Refused
SERVER_STARTUP: BLOCK_TEST_DIR = K:\Antigravity_Projects\gitbase\happytool_electron\BlockTest

stdout | test/connector_integration.test.js > Live Logging Ecosystem Integration > SSH Pipeline (Substitution -> Command -> Stream -> Interactive) > SSH Error: Handle Connection Refused
[SSH] Using smart default command: dlogutil -v kerneltime
[SSH] ========== SSH Connection Request ==========
[SSH] Connection initiated with params: {
  host: [32m'dead-dev'[39m,
  port: [90mundefined[39m,
  username: [90mundefined[39m,
  passwordProvided: [33mfalse[39m,
  debug: [90mundefined[39m,
  saveToFile: [90mundefined[39m,
  command: [32m'dlogutil -v kerneltime'[39m,
  tags: []
}
[SSH] Closing existing SSH connection...
[SSH] Creating SSH client...
[SSH] Connection attempt started...

stdout | test/connector_integration.test.js > Live Logging Ecosystem Integration > SSH Pipeline (Substitution -> Command -> Stream -> Interactive) > Smart Builder: Should NOT have empty filter or trailing semicolon when tags are empty (SSH)
SERVER_STARTUP: BLOCK_TEST_DIR = K:\Antigravity_Projects\gitbase\happytool_electron\BlockTest

stdout | test/connector_integration.test.js > Live Logging Ecosystem Integration > SSH Pipeline (Substitution -> Command -> Stream -> Interactive) > Smart Builder: Should NOT have empty filter or trailing semicolon when tags are empty (SSH)
[SSH] Using smart default command: dlogutil -v kerneltime
[SSH] ========== SSH Connection Request ==========
[SSH] Connection initiated with params: {
  host: [32m'1.2.3.4'[39m,
  port: [90mundefined[39m,
  username: [90mundefined[39m,
  passwordProvided: [33mfalse[39m,
  debug: [90mundefined[39m,
  saveToFile: [90mundefined[39m,
  command: [32m'dlogutil -v kerneltime'[39m,
  tags: []
}
[SSH] Closing existing SSH connection...
[SSH] Creating SSH client...
[SSH] Connection attempt started...
[SSH] ??SSH connection ready, requesting shell...
[SSH] ??Shell created successfully
[SSH] Using custom command: dlogutil -v kerneltime
[SSH] Writing command to stream: dlogutil -v kerneltime
[SSH] Command sent, waiting for log data...

 ??test/connector_integration.test.js (7 tests) 28ms
 ??test/components/PluginContainer.test.tsx (1 test) 29ms
 ??test/components/LogViewer/hooks/useHyperLogData.test.tsx (4 tests) 23ms
 ??test/components/LogViewer/hooks/useLogViewerDataSync.test.tsx (3 tests) 28ms
 ??test/components/LogViewer/hooks/useLogViewerSelection.test.tsx (7 tests) 30ms
 ??test/hooks/usePerfZoomLogic.test.tsx (4 tests) 24ms
 ??test/utils/perfAnalysis.test.ts (16 tests) 19ms
stdout | test/sdb_connection.test.js
[dotenv@17.3.1] injecting env (0) from .env -- tip: ?∽툘 secrets for agents: https://dotenvx.com/as2

 ??test/components/LogViewer/hooks/useHyperLogHighlights.test.tsx (2 tests) 17ms
stdout | test/sdb_connection.test.js > SDB Connection Critical Path > ?뵶 CRITICAL: sdb_status "connected" event emission > MUST emit sdb_status with status:connected after successful device verification
SERVER_STARTUP: BLOCK_TEST_DIR = K:\Antigravity_Projects\gitbase\happytool_electron\BlockTest

stdout | test/sdb_connection.test.js > SDB Connection Critical Path > ?뵶 CRITICAL: sdb_status "connected" event emission > MUST emit sdb_status with status:connected after successful device verification
[SDB] ========== SDB Connection Request ==========
[SDB] Connection initiated with params: {
  deviceId: [32m'test-device'[39m,
  debug: [90mundefined[39m,
  saveToFile: [90mundefined[39m,
  command: [32m'dlogutil -v kerneltime'[39m,
  tags: []
}
[SDB] Using shell for interaction
[SDB] Final sdb args: [ [32m'-s'[39m, [32m'test-device'[39m, [32m'shell'[39m ]
[SDB] Verifying device connection before streaming...
[SDB] Verifying device with: sdb -s test-device shell echo READY
[SDB] ??Device verified, starting log stream...
[SDB] ??Process spawned successfully, PID: [33m12345[39m

stdout | test/sdb_connection.test.js > SDB Connection Critical Path > ?뵶 CRITICAL: sdb_status "connected" event emission > MUST emit sdb_status with status:connected after successful device verification
[SDB] Writing custom command: dlogutil -v kerneltime

stdout | test/sdb_connection.test.js > SDB Connection Critical Path > ?뵶 CRITICAL: sdb_status "connected" event emission > MUST NOT emit sdb_status:connected if verification fails
SERVER_STARTUP: BLOCK_TEST_DIR = K:\Antigravity_Projects\gitbase\happytool_electron\BlockTest

stdout | test/sdb_connection.test.js > SDB Connection Critical Path > ?뵶 CRITICAL: sdb_status "connected" event emission > MUST NOT emit sdb_status:connected if verification fails
[SDB] Using smart default command: dlogutil -v kerneltime
[SDB] ========== SDB Connection Request ==========
[SDB] Connection initiated with params: {
  deviceId: [32m'bad-device'[39m,
  debug: [90mundefined[39m,
  saveToFile: [90mundefined[39m,
  command: [32m'dlogutil -v kerneltime'[39m,
  tags: []
}
[SDB] Killing existing SDB process...
[SDB] Using shell for interaction
[SDB] Final sdb args: [ [32m'-s'[39m, [32m'bad-device'[39m, [32m'shell'[39m ]
[SDB] Verifying device connection before streaming...
[SDB] Verifying device with: sdb -s bad-device shell echo READY

stdout | test/sdb_connection.test.js > SDB Connection Critical Path > ?뵶 CRITICAL: sdb_status "connected" event emission > MUST emit sdb_status:connected even with auto-detect deviceId
SERVER_STARTUP: BLOCK_TEST_DIR = K:\Antigravity_Projects\gitbase\happytool_electron\BlockTest

stdout | test/sdb_connection.test.js > SDB Connection Critical Path > ?뵶 CRITICAL: sdb_status "connected" event emission > MUST emit sdb_status:connected even with auto-detect deviceId
[SDB] ========== SDB Connection Request ==========
[SDB] Connection initiated with params: {
  deviceId: [32m'auto-detect'[39m,
  debug: [90mundefined[39m,
  saveToFile: [90mundefined[39m,
  command: [32m'dlogutil'[39m,
  tags: []
}
[SDB] Using shell for interaction
[SDB] Final sdb args: [ [32m'shell'[39m ]
[SDB] Verifying device connection before streaming...
[SDB] Verifying device with: sdb shell echo READY
[SDB] ??Device verified, starting log stream...
[SDB] ??Process spawned successfully, PID: [33m12345[39m

stdout | test/sdb_connection.test.js > SDB Connection Critical Path > ?뵶 CRITICAL: sdb_status "connected" event emission > MUST emit sdb_status:connected even with auto-detect deviceId
[SDB] Writing custom command: dlogutil

stdout | test/sdb_connection.test.js > SDB Connection Critical Path > ?윞 Device verification timeout (5s) > MUST timeout and emit error if device verification hangs
SERVER_STARTUP: BLOCK_TEST_DIR = K:\Antigravity_Projects\gitbase\happytool_electron\BlockTest

stdout | test/sdb_connection.test.js > SDB Connection Critical Path > ?윞 Device verification timeout (5s) > MUST timeout and emit error if device verification hangs
[SDB] Using smart default command: dlogutil -v kerneltime
[SDB] ========== SDB Connection Request ==========
[SDB] Connection initiated with params: {
  deviceId: [32m'slow-device'[39m,
  debug: [90mundefined[39m,
  saveToFile: [90mundefined[39m,
  command: [32m'dlogutil -v kerneltime'[39m,
  tags: []
}
[SDB] Killing existing SDB process...
[SDB] Using shell for interaction
[SDB] Final sdb args: [ [32m'-s'[39m, [32m'slow-device'[39m, [32m'shell'[39m ]
[SDB] Verifying device connection before streaming...
[SDB] Verifying device with: sdb -s slow-device shell echo READY

stdout | test/sdb_connection.test.js > SDB Connection Critical Path > ?윞 Device verification timeout (5s) > MUST NOT timeout if device responds within 5s
SERVER_STARTUP: BLOCK_TEST_DIR = K:\Antigravity_Projects\gitbase\happytool_electron\BlockTest

stdout | test/sdb_connection.test.js > SDB Connection Critical Path > ?윞 Device verification timeout (5s) > MUST NOT timeout if device responds within 5s
[SDB] Using smart default command: dlogutil -v kerneltime
[SDB] ========== SDB Connection Request ==========
[SDB] Connection initiated with params: {
  deviceId: [32m'fast-device'[39m,
  debug: [90mundefined[39m,
  saveToFile: [90mundefined[39m,
  command: [32m'dlogutil -v kerneltime'[39m,
  tags: []
}
[SDB] Using shell for interaction
[SDB] Final sdb args: [ [32m'-s'[39m, [32m'fast-device'[39m, [32m'shell'[39m ]
[SDB] Verifying device connection before streaming...
[SDB] Verifying device with: sdb -s fast-device shell echo READY
[SDB] ??Device verified, starting log stream...
[SDB] ??Process spawned successfully, PID: [33m12345[39m

stdout | test/sdb_connection.test.js > SDB Connection Critical Path > ?윞 Device verification timeout (5s) > MUST NOT timeout if device responds within 5s
[SDB] Writing custom command: dlogutil -v kerneltime

stdout | test/sdb_connection.test.js > SDB Connection Critical Path > ?윞 Custom SDB path handling > MUST use custom sdbPath when provided
SERVER_STARTUP: BLOCK_TEST_DIR = K:\Antigravity_Projects\gitbase\happytool_electron\BlockTest

stdout | test/sdb_connection.test.js > SDB Connection Critical Path > ?윞 Custom SDB path handling > MUST use custom sdbPath when provided
[SDB] Using smart default command: dlogutil -v kerneltime
[SDB] ========== SDB Connection Request ==========
[SDB] Connection initiated with params: {
  deviceId: [32m'test'[39m,
  debug: [90mundefined[39m,
  saveToFile: [90mundefined[39m,
  command: [32m'dlogutil -v kerneltime'[39m,
  tags: []
}
[SDB] Killing existing SDB process...
[SDB] Using shell for interaction
[SDB] Final sdb args: [ [32m'-s'[39m, [32m'test'[39m, [32m'shell'[39m ]
[SDB] Verifying device connection before streaming...
[SDB] Verifying device with: D:\custom\path\sdb.exe -s test shell echo READY

stdout | test/sdb_connection.test.js > SDB Connection Critical Path > ?윞 Custom SDB path handling > MUST use system "sdb" when sdbPath is empty/undefined
SERVER_STARTUP: BLOCK_TEST_DIR = K:\Antigravity_Projects\gitbase\happytool_electron\BlockTest

stdout | test/sdb_connection.test.js > SDB Connection Critical Path > ?윞 Custom SDB path handling > MUST use system "sdb" when sdbPath is empty/undefined
[SDB] Using smart default command: dlogutil -v kerneltime
[SDB] ========== SDB Connection Request ==========
[SDB] Connection initiated with params: {
  deviceId: [32m'test'[39m,
  debug: [90mundefined[39m,
  saveToFile: [90mundefined[39m,
  command: [32m'dlogutil -v kerneltime'[39m,
  tags: []
}
[SDB] Using shell for interaction
[SDB] Final sdb args: [ [32m'-s'[39m, [32m'test'[39m, [32m'shell'[39m ]
[SDB] Verifying device connection before streaming...
[SDB] Verifying device with: sdb -s test shell echo READY

stdout | test/sdb_connection.test.js > SDB Connection Critical Path > ?윟 Log streaming after connection > MUST stream log data from sdb dlogutil to client
SERVER_STARTUP: BLOCK_TEST_DIR = K:\Antigravity_Projects\gitbase\happytool_electron\BlockTest

stdout | test/sdb_connection.test.js > SDB Connection Critical Path > ?윟 Log streaming after connection > MUST stream log data from sdb dlogutil to client
[SDB] ========== SDB Connection Request ==========
[SDB] Connection initiated with params: {
  deviceId: [32m'test'[39m,
  debug: [90mundefined[39m,
  saveToFile: [90mundefined[39m,
  command: [32m'dlogutil -v kerneltime'[39m,
  tags: []
}
[SDB] Using shell for interaction
[SDB] Final sdb args: [ [32m'-s'[39m, [32m'test'[39m, [32m'shell'[39m ]
[SDB] Verifying device connection before streaming...
[SDB] Verifying device with: sdb -s test shell echo READY
[SDB] ??Device verified, starting log stream...
[SDB] ??Process spawned successfully, PID: [33m12345[39m

stdout | test/sdb_connection.test.js > SDB Connection Critical Path > ?윟 Log streaming after connection > MUST stream log data from sdb dlogutil to client
[SDB] Writing custom command: dlogutil -v kerneltime

stdout | test/sdb_connection.test.js > SDB Connection Critical Path > ?윟 Command and tag substitution > MUST substitute $(TAGS) with actual tag values
SERVER_STARTUP: BLOCK_TEST_DIR = K:\Antigravity_Projects\gitbase\happytool_electron\BlockTest

stdout | test/sdb_connection.test.js > SDB Connection Critical Path > ?윟 Command and tag substitution > MUST substitute $(TAGS) with actual tag values
[SDB] ========== SDB Connection Request ==========
[SDB] Connection initiated with params: {
  deviceId: [32m'test'[39m,
  debug: [90mundefined[39m,
  saveToFile: [90mundefined[39m,
  command: [32m'dlogutil $(TAGS) -v kerneltime'[39m,
  tags: [ [32m'MyTag1'[39m, [32m'MyTag2'[39m ]
}
[SDB] Substituted $(TAGS) -> "MyTag1 MyTag2"
[SDB] Effective command: dlogutil MyTag1 MyTag2 -v kerneltime
[SDB] Killing existing SDB process...
[SDB] Using shell for interaction
[SDB] Final sdb args: [ [32m'-s'[39m, [32m'test'[39m, [32m'shell'[39m ]
[SDB] Verifying device connection before streaming...
[SDB] Verifying device with: sdb -s test shell echo READY
[SDB] ??Device verified, starting log stream...
[SDB] ??Process spawned successfully, PID: [33m12345[39m

stdout | test/sdb_connection.test.js > SDB Connection Critical Path > ?윟 Command and tag substitution > MUST substitute $(TAGS) with actual tag values
[SDB] Writing custom command: dlogutil MyTag1 MyTag2 -v kerneltime

stdout | test/sdb_connection.test.js > SDB Connection Critical Path > ?윟 Command and tag substitution > MUST handle empty tags gracefully
SERVER_STARTUP: BLOCK_TEST_DIR = K:\Antigravity_Projects\gitbase\happytool_electron\BlockTest

stdout | test/sdb_connection.test.js > SDB Connection Critical Path > ?윟 Command and tag substitution > MUST handle empty tags gracefully
[SDB] ========== SDB Connection Request ==========
[SDB] Connection initiated with params: {
  deviceId: [32m'test'[39m,
  debug: [90mundefined[39m,
  saveToFile: [90mundefined[39m,
  command: [32m'dlogutil $(TAGS)'[39m,
  tags: []
}
[SDB] Substituted $(TAGS) -> ""
[SDB] Effective command: dlogutil
[SDB] Killing existing SDB process...
[SDB] Using shell for interaction
[SDB] Final sdb args: [ [32m'-s'[39m, [32m'test'[39m, [32m'shell'[39m ]
[SDB] Verifying device connection before streaming...
[SDB] Verifying device with: sdb -s test shell echo READY
[SDB] ??Device verified, starting log stream...
[SDB] ??Process spawned successfully, PID: [33m12345[39m

stdout | test/sdb_connection.test.js > SDB Connection Critical Path > ?윟 Command and tag substitution > MUST handle empty tags gracefully
[SDB] Writing custom command: dlogutil

stdout | test/sdb_connection.test.js > SDB Connection Critical Path > ?윟 Process cleanup on disconnect > MUST kill SDB process when disconnect_sdb is called
SERVER_STARTUP: BLOCK_TEST_DIR = K:\Antigravity_Projects\gitbase\happytool_electron\BlockTest

stdout | test/sdb_connection.test.js > SDB Connection Critical Path > ?윟 Process cleanup on disconnect > MUST kill SDB process when disconnect_sdb is called
[SDB] Using smart default command: dlogutil -v kerneltime
[SDB] ========== SDB Connection Request ==========
[SDB] Connection initiated with params: {
  deviceId: [32m'test'[39m,
  debug: [90mundefined[39m,
  saveToFile: [90mundefined[39m,
  command: [32m'dlogutil -v kerneltime'[39m,
  tags: []
}
[SDB] Killing existing SDB process...
[SDB] Using shell for interaction
[SDB] Final sdb args: [ [32m'-s'[39m, [32m'test'[39m, [32m'shell'[39m ]
[SDB] Verifying device connection before streaming...
[SDB] Verifying device with: sdb -s test shell echo READY
[SDB] ??Device verified, starting log stream...
[SDB] ??Process spawned successfully, PID: [33m12345[39m

stdout | test/sdb_connection.test.js > SDB Connection Critical Path > ?윟 Process cleanup on disconnect > MUST kill SDB process when disconnect_sdb is called
[SDB] Writing custom command: dlogutil -v kerneltime

 ??test/sdb_connection.test.js (11 tests) 57ms
stdout | test/utils/transactionAnalysis.test.ts > transactionAnalysis > extractTransactionIds > should extract IDs from standard Tizen format
[TransactionAnalysis] Found 3 potential IDs: [
  { type: [32m'pid'[39m, value: [32m'1234'[39m },
  { type: [32m'tid'[39m, value: [32m'5678'[39m },
  { type: [32m'tag'[39m, value: [32m'TagName'[39m }
]

stdout | test/utils/transactionAnalysis.test.ts > transactionAnalysis > extractTransactionIds > should extract IDs from bracket format [PID:TID]
[TransactionAnalysis] Found 3 potential IDs: [
  { type: [32m'pid'[39m, value: [32m'1111'[39m },
  { type: [32m'tid'[39m, value: [32m'2222'[39m },
  { type: [32m'tag'[39m, value: [32m'SomeTag'[39m }
]

stdout | test/utils/transactionAnalysis.test.ts > transactionAnalysis > extractTransactionIds > should extract IDs from bracket format [PID TID]
[TransactionAnalysis] Found 3 potential IDs: [
  { type: [32m'pid'[39m, value: [32m'3333'[39m },
  { type: [32m'tid'[39m, value: [32m'4444'[39m },
  { type: [32m'tag'[39m, value: [32m'OtherTag'[39m }
]

stdout | test/utils/transactionAnalysis.test.ts > transactionAnalysis > extractTransactionIds > should extract IDs from simple tag with PID in parens
[TransactionAnalysis] Found 3 potential IDs: [
  { type: [32m'tag'[39m, value: [32m'MyService'[39m },
  { type: [32m'pid'[39m, value: [32m'5555'[39m },
  { type: [32m'tid'[39m, value: [32m'5555'[39m }
]

stdout | test/utils/transactionAnalysis.test.ts > transactionAnalysis > extractTransactionIds > should extract IDs from modern P/T format
[TransactionAnalysis] Found 3 potential IDs: [
  { type: [32m'tag'[39m, value: [32m'Process'[39m },
  { type: [32m'pid'[39m, value: [32m'P123'[39m },
  { type: [32m'tid'[39m, value: [32m'T456'[39m }
]

stdout | test/utils/transactionAnalysis.test.ts > transactionAnalysis > extractTransactionIds > should extract numeric tid in brackets
[TransactionAnalysis] Found 1 potential IDs: [ { type: [32m'tid'[39m, value: [32m'789'[39m } ]

stdout | test/utils/transactionAnalysis.test.ts > transactionAnalysis > extractTransactionIds > should deduplicate IDs
[TransactionAnalysis] Found 3 potential IDs: [
  { type: [32m'pid'[39m, value: [32m'1234'[39m },
  { type: [32m'tid'[39m, value: [32m'1234'[39m },
  { type: [32m'tag'[39m, value: [32m'Tag'[39m }
]

 ??test/utils/transactionAnalysis.test.ts (10 tests) 8ms
 ??test/components/LogViewer/hooks/useHyperLogLayout.test.tsx (2 tests) 16ms
 ??test/components/LogViewer/hooks/useHyperLogScroll.test.tsx (1 test) 14ms
 ??test/performance/perf-tool.regression.test.ts (4 tests) 3ms
 ??test/utils/logTime.test.ts (13 tests) 4ms
 ??utils/settingsHelper.test.ts (7 tests) 3ms
 ??test/workers/LogProcessor.worker.test.ts (11 tests) 4ms
 ??test/performance/large-scale.perf.test.ts (3 tests | 3 skipped)
 ??test/components/CliApp.test.tsx (9 tests | 1 failed) 5262ms
     ??should initialize and notify main process that it is ready 53ms
     ??should exit with error on unknown command 6ms
       ??should beautify JSON file correctly 8ms
       ??should handle json parse error 22ms
       ??should execute API request from settings 6ms
       ??should fail if request is not found 3ms
       ??should route RPM extraction from URL 143ms
       ??should route RPM extraction from Local File 4ms
       횞 should render CliBlockTestWrapper and trigger scenario execution asynchronously 5012ms

 Test Files  1 failed | 33 passed | 1 skipped (35)
      Tests  1 failed | 270 passed | 5 skipped (276)
   Start at  22:34:50
   Duration  7.66s (transform 4.14s, setup 5.23s, import 10.38s, tests 14.26s, environment 33.41s)

